[debug] [2025-02-11T00:49:02.123Z] ----------------------------------------------------------------------
[debug] [2025-02-11T00:49:02.124Z] Command:       /usr/local/bin/node /usr/local/bin/firebase emulators:start
[debug] [2025-02-11T00:49:02.124Z] CLI Version:   13.30.0
[debug] [2025-02-11T00:49:02.124Z] Platform:      darwin
[debug] [2025-02-11T00:49:02.124Z] Node Version:  v20.10.0
[debug] [2025-02-11T00:49:02.124Z] Time:          Mon Feb 10 2025 19:49:02 GMT-0500 (Eastern Standard Time)
[debug] [2025-02-11T00:49:02.124Z] ----------------------------------------------------------------------
[debug] 
[debug] [2025-02-11T00:49:02.227Z] > command requires scopes: ["email","openid","https://www.googleapis.com/auth/cloudplatformprojects.readonly","https://www.googleapis.com/auth/firebase","https://www.googleapis.com/auth/cloud-platform"]
[debug] [2025-02-11T00:49:02.227Z] > authorizing via signed-in user (munchiesdevteam@gmail.com)
[info] i  emulators: Starting emulators: auth {"metadata":{"emulator":{"name":"hub"},"message":"Starting emulators: auth"}}
[debug] [2025-02-11T00:49:02.575Z] [logging] Logging Emulator only supports listening on one address (127.0.0.1). Not listening on ::1
[debug] [2025-02-11T00:49:02.575Z] [auth] Authentication Emulator only supports listening on one address (127.0.0.1). Not listening on ::1
[debug] [2025-02-11T00:49:02.575Z] assigned listening specs for emulators {"user":{"hub":[{"address":"127.0.0.1","family":"IPv4","port":4400},{"address":"::1","family":"IPv6","port":4400}],"ui":[{"address":"127.0.0.1","family":"IPv4","port":4000},{"address":"::1","family":"IPv6","port":4000}],"logging":[{"address":"127.0.0.1","family":"IPv4","port":4500}],"auth":[{"address":"127.0.0.1","family":"IPv4","port":9099}]},"metadata":{"message":"assigned listening specs for emulators"}}
[debug] [2025-02-11T00:49:02.578Z] [hub] writing locator at /var/folders/gv/my_rtklx1l10wy1kn3tjmgrr0000gn/T/hub-munchies-14775.json
[info] i  ui: downloading ui-v1.14.0.zip... {"metadata":{"emulator":{"name":"ui"},"message":"downloading ui-v1.14.0.zip..."}}
[debug] [2025-02-11T00:49:05.012Z] >>> [apiv2][query] GET https://storage.googleapis.com/firebase-preview-drop/emulator/ui-v1.14.0.zip 
[debug] [2025-02-11T00:49:05.098Z] <<< [apiv2][status] GET https://storage.googleapis.com/firebase-preview-drop/emulator/ui-v1.14.0.zip 200
[debug] [2025-02-11T00:49:05.099Z] <<< [apiv2][body] GET https://storage.googleapis.com/firebase-preview-drop/emulator/ui-v1.14.0.zip [stream]
[debug] [2025-02-11T00:49:05.382Z] Data is 3615311
[debug] [2025-02-11T00:49:05.386Z] [unzip] Entry: client/ (compressed_size=0 bytes, uncompressed_size=0 bytes)
[debug] [2025-02-11T00:49:05.386Z] [unzip] Processing entry: client/
[debug] [2025-02-11T00:49:05.386Z] [unzip] mkdir: /Users/matthewzhang/.cache/firebase/emulators/ui-v1.14.0/client/
[debug] [2025-02-11T00:49:05.386Z] [unzip] Entry: client/favicon-16x16.png (compressed_size=293 bytes, uncompressed_size=293 bytes)
[debug] [2025-02-11T00:49:05.386Z] [unzip] Processing entry: client/favicon-16x16.png
[debug] [2025-02-11T00:49:05.386Z] [unzip] else mkdir: /Users/matthewzhang/.cache/firebase/emulators/ui-v1.14.0/client
[debug] [2025-02-11T00:49:05.386Z] [unzip] Writing file: /Users/matthewzhang/.cache/firebase/emulators/ui-v1.14.0/client/favicon-16x16.png
[debug] [2025-02-11T00:49:05.387Z] [unzip] Entry: client/safari-pinned-tab.svg (compressed_size=1433 bytes, uncompressed_size=2611 bytes)
[debug] [2025-02-11T00:49:05.387Z] [unzip] Processing entry: client/safari-pinned-tab.svg
[debug] [2025-02-11T00:49:05.387Z] [unzip] else mkdir: /Users/matthewzhang/.cache/firebase/emulators/ui-v1.14.0/client
[debug] [2025-02-11T00:49:05.387Z] [unzip] deflating: /Users/matthewzhang/.cache/firebase/emulators/ui-v1.14.0/client/safari-pinned-tab.svg
[debug] [2025-02-11T00:49:05.390Z] [unzip] Entry: client/favicon.ico (compressed_size=2933 bytes, uncompressed_size=13294 bytes)
[debug] [2025-02-11T00:49:05.390Z] [unzip] Processing entry: client/favicon.ico
[debug] [2025-02-11T00:49:05.390Z] [unzip] else mkdir: /Users/matthewzhang/.cache/firebase/emulators/ui-v1.14.0/client
[debug] [2025-02-11T00:49:05.390Z] [unzip] deflating: /Users/matthewzhang/.cache/firebase/emulators/ui-v1.14.0/client/favicon.ico
[debug] [2025-02-11T00:49:05.390Z] [unzip] Entry: client/index.html (compressed_size=1363 bytes, uncompressed_size=3071 bytes)
[debug] [2025-02-11T00:49:05.390Z] [unzip] Processing entry: client/index.html
[debug] [2025-02-11T00:49:05.390Z] [unzip] else mkdir: /Users/matthewzhang/.cache/firebase/emulators/ui-v1.14.0/client
[debug] [2025-02-11T00:49:05.391Z] [unzip] deflating: /Users/matthewzhang/.cache/firebase/emulators/ui-v1.14.0/client/index.html
[debug] [2025-02-11T00:49:05.391Z] [unzip] Entry: client/android-chrome-192x192.png (compressed_size=2684 bytes, uncompressed_size=2684 bytes)
[debug] [2025-02-11T00:49:05.391Z] [unzip] Processing entry: client/android-chrome-192x192.png
[debug] [2025-02-11T00:49:05.391Z] [unzip] else mkdir: /Users/matthewzhang/.cache/firebase/emulators/ui-v1.14.0/client
[debug] [2025-02-11T00:49:05.391Z] [unzip] Writing file: /Users/matthewzhang/.cache/firebase/emulators/ui-v1.14.0/client/android-chrome-192x192.png
[debug] [2025-02-11T00:49:05.391Z] [unzip] Entry: client/apple-touch-icon.png (compressed_size=2123 bytes, uncompressed_size=2152 bytes)
[debug] [2025-02-11T00:49:05.391Z] [unzip] Processing entry: client/apple-touch-icon.png
[debug] [2025-02-11T00:49:05.392Z] [unzip] else mkdir: /Users/matthewzhang/.cache/firebase/emulators/ui-v1.14.0/client
[debug] [2025-02-11T00:49:05.392Z] [unzip] deflating: /Users/matthewzhang/.cache/firebase/emulators/ui-v1.14.0/client/apple-touch-icon.png
[debug] [2025-02-11T00:49:05.392Z] [unzip] Entry: client/android-chrome-512x512.png (compressed_size=5369 bytes, uncompressed_size=5411 bytes)
[debug] [2025-02-11T00:49:05.392Z] [unzip] Processing entry: client/android-chrome-512x512.png
[debug] [2025-02-11T00:49:05.392Z] [unzip] else mkdir: /Users/matthewzhang/.cache/firebase/emulators/ui-v1.14.0/client
[debug] [2025-02-11T00:49:05.392Z] [unzip] deflating: /Users/matthewzhang/.cache/firebase/emulators/ui-v1.14.0/client/android-chrome-512x512.png
[debug] [2025-02-11T00:49:05.392Z] [unzip] Entry: client/manifest.json (compressed_size=245 bytes, uncompressed_size=551 bytes)
[debug] [2025-02-11T00:49:05.392Z] [unzip] Processing entry: client/manifest.json
[debug] [2025-02-11T00:49:05.392Z] [unzip] else mkdir: /Users/matthewzhang/.cache/firebase/emulators/ui-v1.14.0/client
[debug] [2025-02-11T00:49:05.392Z] [unzip] deflating: /Users/matthewzhang/.cache/firebase/emulators/ui-v1.14.0/client/manifest.json
[debug] [2025-02-11T00:49:05.393Z] [unzip] Entry: client/robots.txt (compressed_size=26 bytes, uncompressed_size=26 bytes)
[debug] [2025-02-11T00:49:05.393Z] [unzip] Processing entry: client/robots.txt
[debug] [2025-02-11T00:49:05.393Z] [unzip] else mkdir: /Users/matthewzhang/.cache/firebase/emulators/ui-v1.14.0/client
[debug] [2025-02-11T00:49:05.393Z] [unzip] Writing file: /Users/matthewzhang/.cache/firebase/emulators/ui-v1.14.0/client/robots.txt
[debug] [2025-02-11T00:49:05.393Z] [unzip] Entry: client/mstile-150x150.png (compressed_size=2034 bytes, uncompressed_size=2034 bytes)
[debug] [2025-02-11T00:49:05.393Z] [unzip] Processing entry: client/mstile-150x150.png
[debug] [2025-02-11T00:49:05.393Z] [unzip] else mkdir: /Users/matthewzhang/.cache/firebase/emulators/ui-v1.14.0/client
[debug] [2025-02-11T00:49:05.393Z] [unzip] Writing file: /Users/matthewzhang/.cache/firebase/emulators/ui-v1.14.0/client/mstile-150x150.png
[debug] [2025-02-11T00:49:05.394Z] [unzip] Entry: client/assets/ (compressed_size=0 bytes, uncompressed_size=0 bytes)
[debug] [2025-02-11T00:49:05.394Z] [unzip] Processing entry: client/assets/
[debug] [2025-02-11T00:49:05.394Z] [unzip] mkdir: /Users/matthewzhang/.cache/firebase/emulators/ui-v1.14.0/client/assets/
[debug] [2025-02-11T00:49:05.394Z] [unzip] Entry: client/assets/index-ClZTY_JS.js.map (compressed_size=2328270 bytes, uncompressed_size=9947004 bytes)
[debug] [2025-02-11T00:49:05.394Z] [unzip] Processing entry: client/assets/index-ClZTY_JS.js.map
[debug] [2025-02-11T00:49:05.394Z] [unzip] else mkdir: /Users/matthewzhang/.cache/firebase/emulators/ui-v1.14.0/client/assets
[debug] [2025-02-11T00:49:05.394Z] [unzip] deflating: /Users/matthewzhang/.cache/firebase/emulators/ui-v1.14.0/client/assets/index-ClZTY_JS.js.map
[debug] [2025-02-11T00:49:05.430Z] [unzip] Entry: client/assets/index-ClZTY_JS.js (compressed_size=567195 bytes, uncompressed_size=2035940 bytes)
[debug] [2025-02-11T00:49:05.430Z] [unzip] Processing entry: client/assets/index-ClZTY_JS.js
[debug] [2025-02-11T00:49:05.430Z] [unzip] else mkdir: /Users/matthewzhang/.cache/firebase/emulators/ui-v1.14.0/client/assets
[debug] [2025-02-11T00:49:05.430Z] [unzip] deflating: /Users/matthewzhang/.cache/firebase/emulators/ui-v1.14.0/client/assets/index-ClZTY_JS.js
[debug] [2025-02-11T00:49:05.437Z] [unzip] Entry: client/assets/index-BdgySamB.css (compressed_size=35979 bytes, uncompressed_size=298654 bytes)
[debug] [2025-02-11T00:49:05.437Z] [unzip] Processing entry: client/assets/index-BdgySamB.css
[debug] [2025-02-11T00:49:05.437Z] [unzip] else mkdir: /Users/matthewzhang/.cache/firebase/emulators/ui-v1.14.0/client/assets
[debug] [2025-02-11T00:49:05.437Z] [unzip] deflating: /Users/matthewzhang/.cache/firebase/emulators/ui-v1.14.0/client/assets/index-BdgySamB.css
[debug] [2025-02-11T00:49:05.438Z] [unzip] Entry: client/assets/extensions/ (compressed_size=0 bytes, uncompressed_size=0 bytes)
[debug] [2025-02-11T00:49:05.438Z] [unzip] Processing entry: client/assets/extensions/
[debug] [2025-02-11T00:49:05.438Z] [unzip] mkdir: /Users/matthewzhang/.cache/firebase/emulators/ui-v1.14.0/client/assets/extensions/
[debug] [2025-02-11T00:49:05.438Z] [unzip] Entry: client/assets/extensions/default-extension.png (compressed_size=1646 bytes, uncompressed_size=1657 bytes)
[debug] [2025-02-11T00:49:05.438Z] [unzip] Processing entry: client/assets/extensions/default-extension.png
[debug] [2025-02-11T00:49:05.438Z] [unzip] else mkdir: /Users/matthewzhang/.cache/firebase/emulators/ui-v1.14.0/client/assets/extensions
[debug] [2025-02-11T00:49:05.438Z] [unzip] deflating: /Users/matthewzhang/.cache/firebase/emulators/ui-v1.14.0/client/assets/extensions/default-extension.png
[debug] [2025-02-11T00:49:05.438Z] [unzip] Entry: client/assets/img/ (compressed_size=0 bytes, uncompressed_size=0 bytes)
[debug] [2025-02-11T00:49:05.438Z] [unzip] Processing entry: client/assets/img/
[debug] [2025-02-11T00:49:05.438Z] [unzip] mkdir: /Users/matthewzhang/.cache/firebase/emulators/ui-v1.14.0/client/assets/img/
[debug] [2025-02-11T00:49:05.439Z] [unzip] Entry: client/assets/img/database.png (compressed_size=29449 bytes, uncompressed_size=29988 bytes)
[debug] [2025-02-11T00:49:05.439Z] [unzip] Processing entry: client/assets/img/database.png
[debug] [2025-02-11T00:49:05.439Z] [unzip] else mkdir: /Users/matthewzhang/.cache/firebase/emulators/ui-v1.14.0/client/assets/img
[debug] [2025-02-11T00:49:05.439Z] [unzip] deflating: /Users/matthewzhang/.cache/firebase/emulators/ui-v1.14.0/client/assets/img/database.png
[debug] [2025-02-11T00:49:05.439Z] [unzip] Entry: client/assets/provider-icons/ (compressed_size=0 bytes, uncompressed_size=0 bytes)
[debug] [2025-02-11T00:49:05.439Z] [unzip] Processing entry: client/assets/provider-icons/
[debug] [2025-02-11T00:49:05.439Z] [unzip] mkdir: /Users/matthewzhang/.cache/firebase/emulators/ui-v1.14.0/client/assets/provider-icons/
[debug] [2025-02-11T00:49:05.439Z] [unzip] Entry: client/assets/provider-icons/auth_service_saml.svg (compressed_size=575 bytes, uncompressed_size=1226 bytes)
[debug] [2025-02-11T00:49:05.439Z] [unzip] Processing entry: client/assets/provider-icons/auth_service_saml.svg
[debug] [2025-02-11T00:49:05.439Z] [unzip] else mkdir: /Users/matthewzhang/.cache/firebase/emulators/ui-v1.14.0/client/assets/provider-icons
[debug] [2025-02-11T00:49:05.439Z] [unzip] deflating: /Users/matthewzhang/.cache/firebase/emulators/ui-v1.14.0/client/assets/provider-icons/auth_service_saml.svg
[debug] [2025-02-11T00:49:05.440Z] [unzip] Entry: client/assets/provider-icons/auth_service_phone.svg (compressed_size=261 bytes, uncompressed_size=414 bytes)
[debug] [2025-02-11T00:49:05.440Z] [unzip] Processing entry: client/assets/provider-icons/auth_service_phone.svg
[debug] [2025-02-11T00:49:05.440Z] [unzip] else mkdir: /Users/matthewzhang/.cache/firebase/emulators/ui-v1.14.0/client/assets/provider-icons
[debug] [2025-02-11T00:49:05.440Z] [unzip] deflating: /Users/matthewzhang/.cache/firebase/emulators/ui-v1.14.0/client/assets/provider-icons/auth_service_phone.svg
[debug] [2025-02-11T00:49:05.440Z] [unzip] Entry: client/assets/provider-icons/auth_service_facebook.svg (compressed_size=289 bytes, uncompressed_size=457 bytes)
[debug] [2025-02-11T00:49:05.440Z] [unzip] Processing entry: client/assets/provider-icons/auth_service_facebook.svg
[debug] [2025-02-11T00:49:05.440Z] [unzip] else mkdir: /Users/matthewzhang/.cache/firebase/emulators/ui-v1.14.0/client/assets/provider-icons
[debug] [2025-02-11T00:49:05.440Z] [unzip] deflating: /Users/matthewzhang/.cache/firebase/emulators/ui-v1.14.0/client/assets/provider-icons/auth_service_facebook.svg
[debug] [2025-02-11T00:49:05.440Z] [unzip] Entry: client/assets/provider-icons/auth_service_game_center.svg (compressed_size=991 bytes, uncompressed_size=3921 bytes)
[debug] [2025-02-11T00:49:05.440Z] [unzip] Processing entry: client/assets/provider-icons/auth_service_game_center.svg
[debug] [2025-02-11T00:49:05.440Z] [unzip] else mkdir: /Users/matthewzhang/.cache/firebase/emulators/ui-v1.14.0/client/assets/provider-icons
[debug] [2025-02-11T00:49:05.440Z] [unzip] deflating: /Users/matthewzhang/.cache/firebase/emulators/ui-v1.14.0/client/assets/provider-icons/auth_service_game_center.svg
[debug] [2025-02-11T00:49:05.441Z] [unzip] Entry: client/assets/provider-icons/auth_service_apple.svg (compressed_size=230 bytes, uncompressed_size=334 bytes)
[debug] [2025-02-11T00:49:05.441Z] [unzip] Processing entry: client/assets/provider-icons/auth_service_apple.svg
[debug] [2025-02-11T00:49:05.441Z] [unzip] else mkdir: /Users/matthewzhang/.cache/firebase/emulators/ui-v1.14.0/client/assets/provider-icons
[debug] [2025-02-11T00:49:05.441Z] [unzip] deflating: /Users/matthewzhang/.cache/firebase/emulators/ui-v1.14.0/client/assets/provider-icons/auth_service_apple.svg
[debug] [2025-02-11T00:49:05.442Z] [unzip] Entry: client/assets/provider-icons/auth_service_github.svg (compressed_size=466 bytes, uncompressed_size=838 bytes)
[debug] [2025-02-11T00:49:05.442Z] [unzip] Processing entry: client/assets/provider-icons/auth_service_github.svg
[debug] [2025-02-11T00:49:05.442Z] [unzip] else mkdir: /Users/matthewzhang/.cache/firebase/emulators/ui-v1.14.0/client/assets/provider-icons
[debug] [2025-02-11T00:49:05.442Z] [unzip] deflating: /Users/matthewzhang/.cache/firebase/emulators/ui-v1.14.0/client/assets/provider-icons/auth_service_github.svg
[debug] [2025-02-11T00:49:05.442Z] [unzip] Entry: client/assets/provider-icons/auth_service_mslive.svg (compressed_size=203 bytes, uncompressed_size=378 bytes)
[debug] [2025-02-11T00:49:05.442Z] [unzip] Processing entry: client/assets/provider-icons/auth_service_mslive.svg
[debug] [2025-02-11T00:49:05.442Z] [unzip] else mkdir: /Users/matthewzhang/.cache/firebase/emulators/ui-v1.14.0/client/assets/provider-icons
[debug] [2025-02-11T00:49:05.442Z] [unzip] deflating: /Users/matthewzhang/.cache/firebase/emulators/ui-v1.14.0/client/assets/provider-icons/auth_service_mslive.svg
[debug] [2025-02-11T00:49:05.442Z] [unzip] Entry: client/assets/provider-icons/auth_service_yahoo.svg (compressed_size=577 bytes, uncompressed_size=1182 bytes)
[debug] [2025-02-11T00:49:05.442Z] [unzip] Processing entry: client/assets/provider-icons/auth_service_yahoo.svg
[debug] [2025-02-11T00:49:05.442Z] [unzip] else mkdir: /Users/matthewzhang/.cache/firebase/emulators/ui-v1.14.0/client/assets/provider-icons
[debug] [2025-02-11T00:49:05.442Z] [unzip] deflating: /Users/matthewzhang/.cache/firebase/emulators/ui-v1.14.0/client/assets/provider-icons/auth_service_yahoo.svg
[debug] [2025-02-11T00:49:05.442Z] [unzip] Entry: client/assets/provider-icons/auth_service_twitter.svg (compressed_size=444 bytes, uncompressed_size=751 bytes)
[debug] [2025-02-11T00:49:05.442Z] [unzip] Processing entry: client/assets/provider-icons/auth_service_twitter.svg
[debug] [2025-02-11T00:49:05.442Z] [unzip] else mkdir: /Users/matthewzhang/.cache/firebase/emulators/ui-v1.14.0/client/assets/provider-icons
[debug] [2025-02-11T00:49:05.442Z] [unzip] deflating: /Users/matthewzhang/.cache/firebase/emulators/ui-v1.14.0/client/assets/provider-icons/auth_service_twitter.svg
[debug] [2025-02-11T00:49:05.443Z] [unzip] Entry: client/assets/provider-icons/auth_service_play_games.svg (compressed_size=565 bytes, uncompressed_size=1173 bytes)
[debug] [2025-02-11T00:49:05.443Z] [unzip] Processing entry: client/assets/provider-icons/auth_service_play_games.svg
[debug] [2025-02-11T00:49:05.443Z] [unzip] else mkdir: /Users/matthewzhang/.cache/firebase/emulators/ui-v1.14.0/client/assets/provider-icons
[debug] [2025-02-11T00:49:05.443Z] [unzip] deflating: /Users/matthewzhang/.cache/firebase/emulators/ui-v1.14.0/client/assets/provider-icons/auth_service_play_games.svg
[debug] [2025-02-11T00:49:05.443Z] [unzip] Entry: client/assets/provider-icons/auth_service_email.svg (compressed_size=228 bytes, uncompressed_size=326 bytes)
[debug] [2025-02-11T00:49:05.443Z] [unzip] Processing entry: client/assets/provider-icons/auth_service_email.svg
[debug] [2025-02-11T00:49:05.443Z] [unzip] else mkdir: /Users/matthewzhang/.cache/firebase/emulators/ui-v1.14.0/client/assets/provider-icons
[debug] [2025-02-11T00:49:05.443Z] [unzip] deflating: /Users/matthewzhang/.cache/firebase/emulators/ui-v1.14.0/client/assets/provider-icons/auth_service_email.svg
[debug] [2025-02-11T00:49:05.443Z] [unzip] Entry: client/assets/provider-icons/auth_service_google.svg (compressed_size=409 bytes, uncompressed_size=720 bytes)
[debug] [2025-02-11T00:49:05.443Z] [unzip] Processing entry: client/assets/provider-icons/auth_service_google.svg
[debug] [2025-02-11T00:49:05.443Z] [unzip] else mkdir: /Users/matthewzhang/.cache/firebase/emulators/ui-v1.14.0/client/assets/provider-icons
[debug] [2025-02-11T00:49:05.443Z] [unzip] deflating: /Users/matthewzhang/.cache/firebase/emulators/ui-v1.14.0/client/assets/provider-icons/auth_service_google.svg
[debug] [2025-02-11T00:49:05.443Z] [unzip] Entry: client/assets/provider-icons/auth_service_oidc.svg (compressed_size=414 bytes, uncompressed_size=858 bytes)
[debug] [2025-02-11T00:49:05.443Z] [unzip] Processing entry: client/assets/provider-icons/auth_service_oidc.svg
[debug] [2025-02-11T00:49:05.443Z] [unzip] else mkdir: /Users/matthewzhang/.cache/firebase/emulators/ui-v1.14.0/client/assets/provider-icons
[debug] [2025-02-11T00:49:05.443Z] [unzip] deflating: /Users/matthewzhang/.cache/firebase/emulators/ui-v1.14.0/client/assets/provider-icons/auth_service_oidc.svg
[debug] [2025-02-11T00:49:05.444Z] [unzip] Entry: client/browserconfig.xml (compressed_size=491 bytes, uncompressed_size=822 bytes)
[debug] [2025-02-11T00:49:05.444Z] [unzip] Processing entry: client/browserconfig.xml
[debug] [2025-02-11T00:49:05.444Z] [unzip] else mkdir: /Users/matthewzhang/.cache/firebase/emulators/ui-v1.14.0/client
[debug] [2025-02-11T00:49:05.444Z] [unzip] deflating: /Users/matthewzhang/.cache/firebase/emulators/ui-v1.14.0/client/browserconfig.xml
[debug] [2025-02-11T00:49:05.444Z] [unzip] Entry: client/favicon-32x32.png (compressed_size=475 bytes, uncompressed_size=475 bytes)
[debug] [2025-02-11T00:49:05.444Z] [unzip] Processing entry: client/favicon-32x32.png
[debug] [2025-02-11T00:49:05.444Z] [unzip] else mkdir: /Users/matthewzhang/.cache/firebase/emulators/ui-v1.14.0/client
[debug] [2025-02-11T00:49:05.444Z] [unzip] Writing file: /Users/matthewzhang/.cache/firebase/emulators/ui-v1.14.0/client/favicon-32x32.png
[debug] [2025-02-11T00:49:05.444Z] [unzip] Entry: server/ (compressed_size=0 bytes, uncompressed_size=0 bytes)
[debug] [2025-02-11T00:49:05.444Z] [unzip] Processing entry: server/
[debug] [2025-02-11T00:49:05.444Z] [unzip] mkdir: /Users/matthewzhang/.cache/firebase/emulators/ui-v1.14.0/server/
[debug] [2025-02-11T00:49:05.444Z] [unzip] Entry: server/server.mjs.map (compressed_size=296496 bytes, uncompressed_size=1355667 bytes)
[debug] [2025-02-11T00:49:05.444Z] [unzip] Processing entry: server/server.mjs.map
[debug] [2025-02-11T00:49:05.444Z] [unzip] else mkdir: /Users/matthewzhang/.cache/firebase/emulators/ui-v1.14.0/server
[debug] [2025-02-11T00:49:05.444Z] [unzip] deflating: /Users/matthewzhang/.cache/firebase/emulators/ui-v1.14.0/server/server.mjs.map
[debug] [2025-02-11T00:49:05.447Z] [unzip] Entry: server/server.mjs (compressed_size=315701 bytes, uncompressed_size=1172682 bytes)
[debug] [2025-02-11T00:49:05.447Z] [unzip] Processing entry: server/server.mjs
[debug] [2025-02-11T00:49:05.447Z] [unzip] else mkdir: /Users/matthewzhang/.cache/firebase/emulators/ui-v1.14.0/server
[debug] [2025-02-11T00:49:05.447Z] [unzip] deflating: /Users/matthewzhang/.cache/firebase/emulators/ui-v1.14.0/server/server.mjs
[debug] [2025-02-11T00:49:05.451Z] [unzip] Entry: server/assets/ (compressed_size=0 bytes, uncompressed_size=0 bytes)
[debug] [2025-02-11T00:49:05.451Z] [unzip] Processing entry: server/assets/
[debug] [2025-02-11T00:49:05.451Z] [unzip] mkdir: /Users/matthewzhang/.cache/firebase/emulators/ui-v1.14.0/server/assets/
[debug] [2025-02-11T00:49:05.451Z] [unzip] Entry: server/assets/multipart-parser-DGCUZdXu.mjs.map (compressed_size=4791 bytes, uncompressed_size=17918 bytes)
[debug] [2025-02-11T00:49:05.451Z] [unzip] Processing entry: server/assets/multipart-parser-DGCUZdXu.mjs.map
[debug] [2025-02-11T00:49:05.451Z] [unzip] else mkdir: /Users/matthewzhang/.cache/firebase/emulators/ui-v1.14.0/server/assets
[debug] [2025-02-11T00:49:05.451Z] [unzip] deflating: /Users/matthewzhang/.cache/firebase/emulators/ui-v1.14.0/server/assets/multipart-parser-DGCUZdXu.mjs.map
[debug] [2025-02-11T00:49:05.451Z] [unzip] Entry: server/assets/multipart-parser-DGCUZdXu.mjs (compressed_size=2621 bytes, uncompressed_size=10390 bytes)
[debug] [2025-02-11T00:49:05.451Z] [unzip] Processing entry: server/assets/multipart-parser-DGCUZdXu.mjs
[debug] [2025-02-11T00:49:05.451Z] [unzip] else mkdir: /Users/matthewzhang/.cache/firebase/emulators/ui-v1.14.0/server/assets
[debug] [2025-02-11T00:49:05.451Z] [unzip] deflating: /Users/matthewzhang/.cache/firebase/emulators/ui-v1.14.0/server/assets/multipart-parser-DGCUZdXu.mjs
[debug] [2025-02-11T00:49:05.454Z] Could not find VSCode notification endpoint: FetchError: request to http://localhost:40001/vscode/notify failed, reason: . If you are not running the Firebase Data Connect VSCode extension, this is expected and not an issue.
[info] 
┌─────────────────────────────────────────────────────────────┐
│ ✔  All emulators ready! It is now safe to connect your app. │
│ i  View Emulator UI at http://127.0.0.1:4000/               │
└─────────────────────────────────────────────────────────────┘

┌────────────────┬────────────────┬────────────────────────────┐
│ Emulator       │ Host:Port      │ View in Emulator UI        │
├────────────────┼────────────────┼────────────────────────────┤
│ Authentication │ 127.0.0.1:9099 │ http://127.0.0.1:4000/auth │
└────────────────┴────────────────┴────────────────────────────┘
  Emulator Hub running at 127.0.0.1:4400
  Other reserved ports: 4500

Issues? Report them at https://github.com/firebase/firebase-tools/issues and attach the *-debug.log files.
 
